// Jest Snapshot v1, https://goo.gl/fbAQLP

exports[`/Users/Raiden/development/ANIMATIONS/shape-morph-ideas/__tests__/components/Header.spec.tsx should render without crashing 1`] = `
<DocumentFragment>
  <div
    class="Header"
    data-testid="header"
  >
    <div
      class="navbar"
    >
      <div
        class="container"
      >
        <a>
          <img
            alt="TMDB Logo"
            class="brand-logo-img"
            data-testid="brand-logo-img"
            src="[object Object]"
          />
        </a>
      </div>
    </div>
  </div>
</DocumentFragment>
`;
